{
    "ac_add_dexmod": false,
    "ac_base": 17,
    "ac_cap_dexmod": null,
    "ac_display": "17",
    "category": "heavy",
    "document": "http://localhost:8000/v2/documents/srd/",
    "grants_stealth_disadvantage": true,
    "key": "srd_splint",
    "name": "Splint",
    "strength_score_required": 15,
    "url": "http://localhost:8000/v2/armor/srd_splint/"
}
