{
    "armor": null,
    "armor_class": 0,
    "category": "http://localhost:8000/v2/itemcategories/weapon/",
    "cost": "50.00",
    "damage_immunities": [
        "http://localhost:8000/v2/damagetypes/poison/",
        "http://localhost:8000/v2/damagetypes/psychic/"
    ],
    "damage_resistances": [],
    "damage_vulnerabilities": [],
    "desc": "A longbow.",
    "document": "http://localhost:8000/v2/documents/srd/",
    "hit_dice": null,
    "hit_points": 0,
    "is_magic_item": false,
    "key": "srd_longbow",
    "name": "Longbow",
    "nonmagical_attack_immunity": false,
    "nonmagical_attack_resistance": false,
    "rarity": null,
    "requires_attunement": false,
    "size": "http://localhost:8000/v2/sizes/tiny/",
    "url": "http://localhost:8000/v2/items/srd_longbow/",
    "weapon": {
        "damage_dice": "1d8",
        "damage_type": "http://localhost:8000/v2/damagetypes/piercing/",
        "distance_unit": "feet",
        "document": "http://localhost:8000/v2/documents/srd/",
        "is_finesse": false,
        "is_heavy": true,
        "is_improvised": false,
        "is_lance": false,
        "is_light": false,
        "is_martial": true,
        "is_melee": false,
        "is_net": false,
        "is_reach": false,
        "is_simple": false,
        "is_thrown": false,
        "is_two_handed": true,
        "is_versatile": false,
        "key": "srd_longbow",
        "long_range": 600.0,
        "name": "Longbow",
        "properties": [
            "ammuntion (range 150.0/600.0)",
            "heavy",
            "two-handed"
        ],
        "range": 150.0,
        "range_melee": 5.0,
        "ranged_attack_possible": true,
        "reach": 5.0,
        "requires_ammunition": true,
        "requires_loading": false,
        "url": "http://localhost:8000/v2/weapons/srd_longbow/",
        "versatile_dice": "0"
    },
    "weight": "2.000"
}
