{
    "armor": null,
    "armor_class": 0,
    "category": "http://localhost:8000/v2/itemcategories/weapon/",
    "cost": "10.00",
    "damage_immunities": [
        "http://localhost:8000/v2/damagetypes/poison/",
        "http://localhost:8000/v2/damagetypes/psychic/"
    ],
    "damage_resistances": [],
    "damage_vulnerabilities": [],
    "desc": "A short sword.",
    "document": "http://localhost:8000/v2/documents/srd/",
    "hit_dice": null,
    "hit_points": 0,
    "is_magic_item": false,
    "key": "srd_shortsword",
    "name": "Shortsword",
    "nonmagical_attack_immunity": false,
    "nonmagical_attack_resistance": false,
    "rarity": null,
    "requires_attunement": false,
    "size": "http://localhost:8000/v2/sizes/tiny/",
    "url": "http://localhost:8000/v2/items/srd_shortsword/",
    "weapon": {
        "damage_dice": "1d6",
        "damage_type": "http://localhost:8000/v2/damagetypes/slashing/",
        "distance_unit": "feet",
        "document": "http://localhost:8000/v2/documents/srd/",
        "is_finesse": true,
        "is_heavy": false,
        "is_improvised": false,
        "is_lance": false,
        "is_light": true,
        "is_martial": true,
        "is_melee": true,
        "is_net": false,
        "is_reach": false,
        "is_simple": false,
        "is_thrown": false,
        "is_two_handed": false,
        "is_versatile": false,
        "key": "srd_shortsword",
        "long_range": 0.0,
        "name": "Shortsword",
        "properties": [
            "finesse",
            "light"
        ],
        "range": 0.0,
        "range_melee": 5.0,
        "ranged_attack_possible": false,
        "reach": 5.0,
        "requires_ammunition": false,
        "requires_loading": false,
        "url": "http://localhost:8000/v2/weapons/srd_shortsword/",
        "versatile_dice": "0"
    },
    "weight": "2.000"
}
